#-----------------------------------------------------------
# Vivado v2017.4 (64-bit)
# SW Build 2086221 on Fri Dec 15 20:54:30 MST 2017
# IP Build 2085800 on Fri Dec 15 22:25:07 MST 2017
# Start of session at: Thu Aug 23 15:21:42 2018
# Process ID: 5199
# Current directory: /home/cc/eecs151/fa18/staff/eecs151-tab/fpga_labs_fa18/lab1
# Command line: vivado
# Log file: /home/cc/eecs151/fa18/staff/eecs151-tab/fpga_labs_fa18/lab1/vivado.log
# Journal file: /home/cc/eecs151/fa18/staff/eecs151-tab/fpga_labs_fa18/lab1/vivado.jou
#-----------------------------------------------------------
start_gui
open_project /home/cc/eecs151/fa18/staff/eecs151-tab/fpga_labs_fa18/lab1/lab1.xpr
update_compile_order -fileset sources_1
open_hw
connect_hw_server
open_hw_target
set_property PROGRAM.FILE {/home/cc/eecs151/fa18/staff/eecs151-tab/fpga_labs_fa18/lab1/lab1.runs/impl_1/z1top.bit} [get_hw_devices xc7z020_1]
current_hw_device [get_hw_devices xc7z020_1]
refresh_hw_device -update_hw_probes false [lindex [get_hw_devices xc7z020_1] 0]
set_property PROBES.FILE {} [get_hw_devices xc7z020_1]
set_property FULL_PROBES.FILE {} [get_hw_devices xc7z020_1]
set_property PROGRAM.FILE {/home/cc/eecs151/fa18/staff/eecs151-tab/fpga_labs_fa18/lab1/lab1.runs/impl_1/z1top.bit} [get_hw_devices xc7z020_1]
program_hw_devices [get_hw_devices xc7z020_1]
refresh_hw_device [lindex [get_hw_devices xc7z020_1] 0]
